// Jest Snapshot v1, https://goo.gl/fbAQLP

exports[`Home page matches snapshot 1`] = `
<DocumentFragment>
  <div
    class="container"
  >
    <main>
      <section
        class="headingMd"
      >
        <h1>
          Ketosistant
        </h1>
        <h2>
          A modern application for managing medical keto diets
        </h2>
      </section>
      <section
        class="headingMd padding1px"
      >
        <h2
          class="headingLg"
        >
          We are under construction
        </h2>
        <p>
          We are working to bring this application to public availability as quickly as we can. We appreciate your patience in the interim.
        </p>
      </section>
    </main>
  </div>
</DocumentFragment>
`;
